fill 1
transfer 1 3
fill 1
transfer 1 3
fill 1
transfer 1 3
fill 1
transfer 1 3
discard 3
transfer 1 3
fill 1
transfer 1 3
fill 1
transfer 1 3
fill 1
transfer 1 3
fill 1
transfer 1 3
discard 3
transfer 1 3
fill 1
transfer 1 3
fill 1
transfer 1 3
fill 1
transfer 1 3
fill 1
transfer 1 3
discard 3
transfer 1 3
fill 1
transfer 1 3
fill 1
transfer 1 3
fill 1
transfer 1 3
fill 1
transfer 1 3
discard 3
transfer 1 3
fill 1
transfer 1 3
fill 1
transfer 1 3
fill 1
transfer 1 3
fill 1
transfer 1 3
discard 3
transfer 1 3
fill 1
transfer 1 3
fill 1
transfer 1 3
fill 1
transfer 1 3
fill 1
transfer 1 3
discard 3
transfer 1 3
fill 1
transfer 1 3
fill 1
transfer 1 3
fill 1
transfer 1 3
fill 1
transfer 1 3
discard 3
transfer 1 3
fill 1
transfer 1 3
fill 1
transfer 1 3
fill 1
transfer 1 3
fill 1
transfer 1 3
discard 3
transfer 1 3
fill 1
transfer 1 3
fill 1
transfer 1 3
fill 1
transfer 1 3
fill 1
transfer 1 3
discard 3
transfer 1 3
fill 1
transfer 1 3
fill 1
transfer 1 3
fill 1
transfer 1 3
fill 1
transfer 1 3
discard 3
transfer 1 3
fill 1
transfer 1 3
fill 1
transfer 1 3
fill 1
transfer 1 3
fill 1
transfer 1 3
discard 3
transfer 1 3
fill 1
transfer 1 3
fill 1
transfer 1 3
fill 1
transfer 1 3
fill 1
transfer 1 3
discard 3
transfer 1 3
fill 1
transfer 1 3
fill 1
transfer 1 3
fill 1
transfer 1 3
fill 1
transfer 1 3
discard 3
transfer 1 3
fill 1
transfer 1 3
fill 1
transfer 1 3
fill 1
transfer 1 3
fill 1
transfer 1 3
discard 3
transfer 1 3
fill 1
transfer 1 3
fill 1
transfer 1 3
fill 1
transfer 1 3
fill 1
transfer 1 3
discard 3
transfer 1 3
fill 1
transfer 1 3
fill 1
transfer 1 3
fill 1
transfer 1 3
fill 1
transfer 1 3
discard 3
transfer 1 3
fill 1
transfer 1 3
fill 1
transfer 1 3
fill 1
transfer 1 3
fill 1
transfer 1 3
discard 3
transfer 1 0
